19:12:18 **** Clean-only build of configuration Debug for project TP2 ****
make -j16 clean 
rm -rf *
 
19:12:19 **** Build of configuration Debug for project TP2 ****
make -j16 all 
arm-none-eabi-gcc -mcpu=cortex-m4 -g3 -c -x assembler-with-cpp -MMD -MP -MF"Startup/startup_stm32f446retx.d" -MT"Startup/startup_stm32f446retx.o" --specs=nano.specs -mfpu=fpv4-sp-d16 -mfloat-abi=hard -mthumb -o "Startup/startup_stm32f446retx.o" "../Startup/startup_stm32f446retx.s"
arm-none-eabi-gcc -mcpu=cortex-m4 -g3 -c -x assembler-with-cpp -MMD -MP -MF"Src/TP2_ex1.d" -MT"Src/TP2_ex1.o" --specs=nano.specs -mfpu=fpv4-sp-d16 -mfloat-abi=hard -mthumb -o "Src/TP2_ex1.o" "../Src/TP2_ex1.s"
arm-none-eabi-gcc "../Src/syscalls.c" -mcpu=cortex-m4 -std=gnu11 -g3 -DSTM32 -DSTM32F4 -DSTM32F446RETx -DDEBUG -DNUCLEO_F446RE -c -I../Inc -O0 -ffunction-sections -fdata-sections -Wall -fstack-usage -MMD -MP -MF"Src/syscalls.d" -MT"Src/syscalls.o" --specs=nano.specs -mfpu=fpv4-sp-d16 -mfloat-abi=hard -mthumb -o "Src/syscalls.o"
arm-none-eabi-gcc "../Src/sysmem.c" -mcpu=cortex-m4 -std=gnu11 -g3 -DSTM32 -DSTM32F4 -DSTM32F446RETx -DDEBUG -DNUCLEO_F446RE -c -I../Inc -O0 -ffunction-sections -fdata-sections -Wall -fstack-usage -MMD -MP -MF"Src/sysmem.d" -MT"Src/sysmem.o" --specs=nano.specs -mfpu=fpv4-sp-d16 -mfloat-abi=hard -mthumb -o "Src/sysmem.o"
arm-none-eabi-gcc -o "TP2.elf" @"objects.list"   -mcpu=cortex-m4 -T"C:\Users\racim\STM32CubeIDE\workspace_1.5.1\TP-Archi-STM32\TP2\STM32F446RETX_FLASH.ld" --specs=nosys.specs -Wl,-Map="TP2.map" -Wl,--gc-sections -static --specs=nano.specs -mfpu=fpv4-sp-d16 -mfloat-abi=hard -mthumb -Wl,--start-group -lc -lm -Wl,--end-group
Finished building target: TP2.elf
 
arm-none-eabi-size   TP2.elf 
arm-none-eabi-objdump -h -S  TP2.elf  > "TP2.list"
arm-none-eabi-objcopy  -O binary  TP2.elf  "TP2.bin"
   text	   data	    bss	    dec	    hex	filename
    784	     40	   1568	   2392	    958	TP2.elf
Finished building: default.size.stdout
 
Finished building: TP2.bin
Finished building: TP2.list
 
 
