17:08:06 **** Incremental Build of configuration Debug for project TP2 ****
make -j16 all 
arm-none-eabi-gcc "../Src/TP2_ex2_1_student.c" -mcpu=cortex-m4 -std=gnu11 -g3 -DSTM32 -DSTM32F4 -DSTM32F446RETx -DDEBUG -DNUCLEO_F446RE -c -I../Inc -O0 -ffunction-sections -fdata-sections -Wall -fstack-usage -MMD -MP -MF"Src/TP2_ex2_1_student.d" -MT"Src/TP2_ex2_1_student.o" --specs=nano.specs -mfpu=fpv4-sp-d16 -mfloat-abi=hard -mthumb -o "Src/TP2_ex2_1_student.o"
arm-none-eabi-gcc -o "TP2.elf" @"objects.list"   -mcpu=cortex-m4 -T"C:\Users\racim\STM32CubeIDE\workspace_1.5.1\TP-Archi-STM32\TP2\STM32F446RETX_FLASH.ld" --specs=nosys.specs -Wl,-Map="TP2.map" -Wl,--gc-sections -static --specs=nano.specs -mfpu=fpv4-sp-d16 -mfloat-abi=hard -mthumb -Wl,--start-group -lc -lm -Wl,--end-group
Finished building target: TP2.elf
 
arm-none-eabi-objdump -h -S  TP2.elf  > "TP2.list"
arm-none-eabi-objcopy  -O binary  TP2.elf  "TP2.bin"
arm-none-eabi-size   TP2.elf 
   text	   data	    bss	    dec	    hex	filename
    792	     12	   1612	   2416	    970	TP2.elf
Finished building: default.size.stdout
 
Finished building: TP2.list
Finished building: TP2.bin
 
 

17:08:06 Build Finished. 0 errors, 0 warnings. (took 469ms)

