15:48:14 **** Incremental Build of configuration Debug for project TP4-Ex2 ****
make -j16 all 
arm-none-eabi-gcc "../Core/Src/main.c" -mcpu=cortex-m4 -std=gnu11 -g3 -DUSE_HAL_DRIVER -DSTM32F446xx -DDEBUG -c -I../Core/Inc -I../Drivers/STM32F4xx_HAL_Driver/Inc -I../Drivers/STM32F4xx_HAL_Driver/Inc/Legacy -I../Drivers/CMSIS/Device/ST/STM32F4xx/Include -I../Drivers/CMSIS/Include -O0 -ffunction-sections -fdata-sections -Wall -fstack-usage -MMD -MP -MF"Core/Src/main.d" -MT"Core/Src/main.o" --specs=nano.specs -mfpu=fpv4-sp-d16 -mfloat-abi=hard -mthumb -o "Core/Src/main.o"
arm-none-eabi-gcc -o "TP4-Ex2.elf" @"objects.list"   -mcpu=cortex-m4 -T"C:\Users\racim\STM32CubeIDE\workspace_1.5.1\TP-Archi-STM32\TP4-Ex2\STM32F446RETX_FLASH.ld" --specs=nosys.specs -Wl,-Map="TP4-Ex2.map" -Wl,--gc-sections -static --specs=nano.specs -mfpu=fpv4-sp-d16 -mfloat-abi=hard -mthumb -Wl,--start-group -lc -lm -Wl,--end-group
Finished building target: TP4-Ex2.elf
 
arm-none-eabi-objdump -h -S  TP4-Ex2.elf  > "TP4-Ex2.list"
arm-none-eabi-objcopy  -O binary  TP4-Ex2.elf  "TP4-Ex2.bin"
arm-none-eabi-size   TP4-Ex2.elf 
   text	   data	    bss	    dec	    hex	filename
  10224	     32	   1640	  11896	   2e78	TP4-Ex2.elf
Finished building: default.size.stdout
 
Finished building: TP4-Ex2.bin
 
Finished building: TP4-Ex2.list
 

15:48:16 Build Finished. 0 errors, 0 warnings. (took 1s.688ms)

